[dderasmo@storm nov2]$ ./password
The password must contain : 
Ten or more characters.
At least one uppercase letter.
At least one digit.
At least one special character !@#$%^&*().
Enter a password : aaaaaaaaaaaaaaaaaaaaaaaaaaaaaaaaaaaaaa
The password is invalid!
[dderasmo@storm nov2]$ ./password
The password must contain : 
Ten or more characters.
At least one uppercase letter.
At least one digit.
At least one special character !@#$%^&*().
Enter a password : T5ytopercasasfawe          
The password is invalid!
[dderasmo@storm nov2]$ ./password
The password must contain : 
Ten or more characters.
At least one uppercase letter.
At least one digit.
At least one special character !@#$%^&*().
Enter a password : !a$fasdlasdlfgaslgaslg
The password is invalid!
[dderasmo@storm nov2]$ ./password
The password must contain : 
Ten or more characters.
At least one uppercase letter.
At least one digit.
At least one special character !@#$%^&*().
Enter a password : %5toe
The password is invalid!
[dderasmo@storm nov2]$ ./password
The password must contain : 
Ten or more characters.
At least one uppercase letter.
At least one digit.
At least one special character !@#$%^&*().
Enter a password : $7tTfgsshebwser
The password is valid!
[dderasmo@storm nov2]$ 

